[themewagon.github.io/consulotion/index.html]
[backblue.gif]
[fade.gif]
[index.html]
[themewagon.github.io/consulotion/css/open-iconic-bootstrap.min.css]
[themewagon.github.io/consulotion/css/animate.css]
[themewagon.github.io/consulotion/css/owl.carousel.min.css]
[themewagon.github.io/consulotion/css/owl.theme.default.min.css]
[themewagon.github.io/consulotion/css/magnific-popup.css]
[themewagon.github.io/consulotion/css/aos.css]
[themewagon.github.io/consulotion/css/ionicons.min.css]
[themewagon.github.io/consulotion/css/flaticon.css]
[themewagon.github.io/consulotion/css/icomoon.css]
[themewagon.github.io/consulotion/css/style.css]
[themewagon.github.io/consulotion/index-2.html]
[themewagon.github.io/consulotion/about.html]
[themewagon.github.io/consulotion/project.html]
[themewagon.github.io/consulotion/services.html]
[themewagon.github.io/consulotion/blog.html]
[themewagon.github.io/consulotion/contact.html]
[themewagon.github.io/consulotion/images/bg_1.jpg]
[themewagon.github.io/consulotion/images/bg_2.jpg]
[themewagon.github.io/consulotion/images/about.jpg]
[themewagon.github.io/consulotion/images/bg_3.jpg]
[themewagon.github.io/consulotion/images/project-2.jpg]
[themewagon.github.io/consulotion/images/project-1.jpg]
[themewagon.github.io/consulotion/images/project-3.jpg]
[themewagon.github.io/consulotion/images/project-4.jpg]
[themewagon.github.io/consulotion/images/project-5.jpg]
[themewagon.github.io/consulotion/images/project-6.jpg]
[themewagon.github.io/consulotion/images/project-7.jpg]
[themewagon.github.io/consulotion/images/project-8.jpg]
[themewagon.github.io/consulotion/images/bg_5.jpg]
[themewagon.github.io/consulotion/blog-single.html]
[themewagon.github.io/consulotion/images/image_1.jpg]
[themewagon.github.io/consulotion/images/image_2.jpg]
[themewagon.github.io/consulotion/images/image_3.jpg]
[themewagon.github.io/consulotion/images/person_1.jpg]
[themewagon.github.io/consulotion/images/person_2.jpg]
[themewagon.github.io/consulotion/images/person_3.jpg]
[themewagon.github.io/consulotion/images/person_4.jpg]
[themewagon.github.io/consulotion/js/jquery.min.js]
[themewagon.github.io/consulotion/js/jquery-migrate-3.0.1.min.js]
[themewagon.github.io/consulotion/js/popper.min.js]
[themewagon.github.io/consulotion/js/bootstrap.min.js]
[themewagon.github.io/consulotion/js/jquery.easing.1.3.js]
[themewagon.github.io/consulotion/js/jquery.waypoints.min.js]
[themewagon.github.io/consulotion/js/jquery.stellar.min.js]
[themewagon.github.io/consulotion/js/owl.carousel.min.js]
[themewagon.github.io/consulotion/js/jquery.magnific-popup.min.js]
[themewagon.github.io/consulotion/js/aos.js]
[themewagon.github.io/consulotion/js/jquery.animateNumber.min.js]
[themewagon.github.io/consulotion/js/scrollax.min.js]
[themewagon.github.io/consulotion/js/google-map.js]
[themewagon.github.io/consulotion/js/main.js]
[themewagon.github.io/consulotion/index.html]
[themewagon.github.io/consulotion/fonts/open-iconic/open-iconic.eot]
[themewagon.github.io/consulotion/fonts/open-iconic/open-iconicd41d.eot]
[themewagon.github.io/consulotion/fonts/open-iconic/open-iconic.woff]
[themewagon.github.io/consulotion/fonts/open-iconic/open-iconic.ttf]
[themewagon.github.io/consulotion/fonts/open-iconic/open-iconic.otf]
[themewagon.github.io/consulotion/css/open-iconic-bootstrap.min.css]
[themewagon.github.io/consulotion/css/animate.css]
[themewagon.github.io/consulotion/fonts/open-iconic/open-iconic.svg]
[themewagon.github.io/consulotion/css/owl.video.play.png]
[themewagon.github.io/consulotion/css/owl.carousel.min.css]
[themewagon.github.io/consulotion/css/owl.theme.default.min.css]
[themewagon.github.io/consulotion/css/magnific-popup.css]
[themewagon.github.io/consulotion/css/aos.css]
[themewagon.github.io/consulotion/fonts/ionicons/fonts/ionicons580c.eot]
[themewagon.github.io/consulotion/fonts/ionicons/fonts/ionicons580c.woff2]
[themewagon.github.io/consulotion/fonts/ionicons/fonts/ionicons580c.woff]
[themewagon.github.io/consulotion/fonts/ionicons/fonts/ionicons580c.ttf]
[themewagon.github.io/consulotion/css/ionicons.min.css]
[themewagon.github.io/consulotion/fonts/ionicons/fonts/ionicons580c.svg]
[themewagon.github.io/consulotion/fonts/flaticon/font/Flaticon.eot]
[themewagon.github.io/consulotion/fonts/flaticon/font/Flaticond41d.eot]
[themewagon.github.io/consulotion/fonts/flaticon/font/Flaticon.woff]
[themewagon.github.io/consulotion/fonts/flaticon/font/Flaticon.ttf]
[themewagon.github.io/consulotion/css/flaticon.css]
[themewagon.github.io/consulotion/fonts/flaticon/font/Flaticon.svg]
[themewagon.github.io/consulotion/fonts/icomoon/icomoonccfb.eot]
[themewagon.github.io/consulotion/fonts/icomoon/icomoonccfb.ttf]
[themewagon.github.io/consulotion/fonts/icomoon/icomoonccfb.woff]
[themewagon.github.io/consulotion/css/icomoon.css]
[themewagon.github.io/consulotion/css/style.css]
[themewagon.github.io/consulotion/index-2.html]
[themewagon.github.io/consulotion/about.html]
[themewagon.github.io/consulotion/fonts/icomoon/icomoonccfb.svg]
[themewagon.github.io/consulotion/images/project-9.jpg]
[themewagon.github.io/consulotion/project.html]
[themewagon.github.io/consulotion/services.html]
[themewagon.github.io/consulotion/images/image_4.jpg]
[themewagon.github.io/consulotion/images/image_5.jpg]
[themewagon.github.io/consulotion/images/image_6.jpg]
[themewagon.github.io/consulotion/blog.html]
[themewagon.github.io/consulotion/contact.html]
[themewagon.github.io/consulotion/blog-single.html]
[themewagon.github.io/consulotion/fonts/open-iconic/open-iconic.svg]
[themewagon.github.io/consulotion/css/owl.video.play.html]
[themewagon.github.io/consulotion/fonts/ionicons/fonts/ionicons580c.svg]
[themewagon.github.io/consulotion/fonts/flaticon/font/Flaticon.svg]
[themewagon.github.io/consulotion/fonts/icomoon/icomoonccfb.svg]
